
> santa-catalina@0.1.0 build
> npx prisma generate && next build

node.exe : warn The configuration property `package.json#prisma` is deprecated and will be 
removed in Prisma 7. Please migrate to a Prisma config file (e.g., `prisma.config.ts`).
En línea: 1 Carácter: 1
+ & "C:\Program Files\nodejs/node.exe" "C:\Program Files\nodejs/node_mo ...
+ ~~~~~~~~~~~~~~~~~~~~~~~~~~~~~~~~~~~~~~~~~~~~~~~~~~~~~~~~~~~~~~~~~~~~~
    + CategoryInfo          : NotSpecified: (warn The config...ma.config.ts`).:String) [], 
    RemoteException
    + FullyQualifiedErrorId : NativeCommandError
 
For more information, see: https://pris.ly/prisma-config

Environment variables loaded from .env
Prisma schema loaded from prisma\schema.prisma

Γ£ö Generated Prisma Client (v6.19.2) to .\node_modules\@prisma\client in 187ms

Start by importing your Prisma Client (See: https://pris.ly/d/importing-client)

Tip: Interested in query caching in just a few lines of code? Try Accelerate today! https://pris.ly/tip-3-accelerate

Γû▓ Next.js 16.1.6 (Turbopack)
- Environments: .env

ΓÜá The "middleware" file convention is deprecated. Please use "proxy" instead. Learn 
more: https://nextjs.org/docs/messages/middleware-to-proxy
  Creating an optimized production build ...
Γ£ô Compiled successfully in 3.9s
  Running TypeScript ...
Failed to compile.

.next/dev/types/validator.ts:251:39
Type error: Cannot find module '../../../app/flota/page.js' or its corresponding type 
declarations.

[0m [90m 249 |[39m {
 [90m 250 |[39m   type __IsExpected[33m<[39m[33mSpecific[39m [36mextends[39m 
[33mAppPageConfig[39m[33m<[39m[32m"/flota"[39m[33m>>[39m [33m=[39m 
[33mSpecific[39m
[31m[1m>[22m[39m[90m 251 |[39m   [36mconst[39m handler [33m=[39m {} [36mas[39m 
[36mtypeof[39m [36mimport[39m([32m"../../../app/flota/page.js"[39m)
 [90m     |[39m                                       [31m[1m^[22m[39m
 [90m 252 |[39m   type __Check [33m=[39m __IsExpected[33m<[39m[36mtypeof[39m 
handler[33m>[39m
 [90m 253 |[39m   [90m// @ts-ignore[39m
 [90m 254 |[39m   type __Unused [33m=[39m __Check[0m
Next.js build worker exited with code: 1 and signal: null
